Text output simple:
┌────────────┐
│Hello world!│
└────────────┘

HTML output simple:
<div><button>Hello world!</button></div>


Text output with header:
Greetings!
└─┬─────────────────┐
  │Hello wide world!│
  └─────────────────┘

HTML output with header:
<div><div><details><summary><span>Greetings!</span></summary><ul><li><button>Hello wide world!</button></li></ul></details></div></div>

