Text output:
┌──┬────────────────────────────────────────────────────────────────────────────────────────────────────────────────────────┐
│ 1│#                                                                                                                       │
│  │                                                                                                                        │
│  │                                                                                                                        │
│  │                                                                                                                        │
│  │                                                                                                                        │
│  │                                                                                                                        │
│  │                                                                                                                        │
│  │                                                                                                                        │
│  │                                                                                                                        │
│  │                                                                                                                        │
│  │                                                                                         #                              │
│  │                                                                                                                        │
│  │                                                                                                                        │
│  │                                                                                                                        │
│  │                                                                                                                        │
│  │                                                                                                                        │
│  │                                                                                                                        │
│  │                                                                                                                        │
│  │                                                                                                                        │
│y │                                                                                                                        │
│  │                                                                                                                        │
│  │                                                                                                                        │
│  │                                                                                                                        │
│  │                                                                                                                        │
│  │                                                                                                                        │
│  │                                                                                                                        │
│  │                                                                                                                        │
│  │                                                                                                                        │
│  │                                                                                                                        │
│  │                                                                                                                        │
│  │                                                                                                                        │
│  │                                                                                                                        │
│  │                                                                                                                        │
│  │                                                                                                                        │
│  │                                                                                                                        │
│  │                                                                                                                        │
│  │                                                                                                                        │
│  │                                                                                                                        │
│  │                                                                                                                        │
│ 0│                                                                                                                       #│
├──┼────────────────────────────────────────────────────────────────────────────────────────────────────────────────────────┤
│  │0                                                                                                                      1│
│  │                                                           x                                                            │
└──┴────────────────────────────────────────────────────────────────────────────────────────────────────────────────────────┘

HTML output:
<div><h2>NOT IMPLEMENTED YET</h2></div>

