┌────┐
│root│
├────┘
├─┬───────┐
│ │child 1│
│ └───────┘
├─child 2
├─┬──────────────────┐
│ │──┬────────┐      │
│ │  │header 3│      │
│ │  ├────────┘      │
│ │  └─┬──────────┐  │
│ │    │subchild 3│  │
│ │    └──────────┘  │
│ └──────────────────┘
├───┬────────┐
│   │header 4│
│   ├────────┘
│   └─┬──────────┐
│     │subchild 4│
│     └──────────┘
├─┬───────┐
│ │child 5│
│ └───────┘
└─┬──────────────────┐
  │┌────────┐        │
  ││header 6│        │
  │├────────┘        │
  │└─┬───────┐       │
  │  │child 6│       │
  │  ├───────┘       │
  │  └─┬──────────┐  │
  │    │subchild 6│  │
  │    └──────────┘  │
  └──────────────────┘
