<div><div><div style="border:thin solid"><span class="">root</span></div><ul><li><div style="border:thin solid"><span class="">child 1</span></div></li><li><span class="">child 2</span></li><li><div style="border:thin solid"><div><div></div><ul><li><div><div style="border:thin solid"><span class="">header 3</span></div><ul><li><div style="border:thin solid"><span class="">subchild 3</span></div></li></ul></div></li></ul></div></div></li><li><div><div></div><ul><li><div><div style="border:thin solid"><span class="">header 4</span></div><ul><li><div style="border:thin solid"><span class="">subchild 4</span></div></li></ul></div></li></ul></div></li><li><div style="border:thin solid"><span class="">child 5</span></div></li></ul></div></div>

