<div><details><summary><span style="border:thin solid">root</span></summary><ul><li><div style="border:thin solid"><div>child 1</div></div></li><li><div>child 2</div></li><li><div style="border:thin solid"><div><div></div><ul><li><details><summary><span style="border:thin solid">header 3</span></summary><ul><li><div style="border:thin solid"><div>subchild 3</div></div></li></ul></details></li></ul></div></div></li><li><div><div></div><ul><li><details><summary><span style="border:thin solid">header 4</span></summary><ul><li><div>subchild 4</div></li></ul></details></li></ul></div></li><li><div style="border:thin solid"><details><summary><span>header 5</span></summary><ul><li><div>subchild 5</div></li></ul></details></div></li><li><div style="border:thin solid"><div>child 5</div></div></li></ul></details></div>

