┌────────────────────────────────┐
│]8;;#SecondAnchor\Link to a within-document anchor]8;;\│
└────────────────────────────────┘
──────────────────────────────────
┌───────┐
│]8;;https://example.com/1\child 1]8;;\│
└───────┘
──────────────────────────────────
]8;;https://example.com/2\child 2]8;;\
──────────────────────────────────
┌──────────────────┐
│──┬────────┐      │
│  │]8;;https://example.com/4\header 3]8;;\│      │
│  ├────────┘      │
│  └─┬──────────┐  │
│    │]8;;https://example.com/4\subchild 3]8;;\│  │
│    └──────────┘  │
└──────────────────┘
──────────────────────────────────
──┬────────┐
  │]8;;https://example.com/5\header 4]8;;\│
  ├────────┘
  └─┬──────────┐
    │]8;;https://example.com/5\subchild 4]8;;\│
    └──────────┘
──────────────────────────────────
┌───────┐
│child 5│
└───────┘
──────────────────────────────────
┌──────────────────┐
│┌────────┐        │
││]8;;https://example.com/6\header 6]8;;\│        │
│├────────┘        │
│└─┬───────┐       │
│  │]8;;https://example.com/6\child 6]8;;\│       │
│  ├───────┘       │
│  └─┬──────────┐  │
│    │]8;;https://example.com/7\subchild 6]8;;\│  │
│    └──────────┘  │
└──────────────────┘
──────────────────────────────────
┌──────────────────┐
│]8;;#FirstAnchor\anchor self-link 1]8;;\│
└──────────────────┘
──────────────────────────────────
silent anchor
└─subchild 7
